// Jest Snapshot v1, https://goo.gl/fbAQLP

exports[`Index Component snapshot 1`] = `"<h1 class=\\"grey\\">Hello world!</h1>"`;
